2026-06-10 16:53:53  device=cuda  arch=convnext_tiny.dinov3_lvd1689m  epochs=500  lr=0.0001
2026-06-10 16:53:53  checkpoint_dir=dino/checkpoints/small_finetune
2026-06-10 16:57:15  device=cuda  arch=convnext_small.dinov3_lvd1689m  epochs=1000  lr=0.0001
2026-06-10 16:57:15  checkpoint_dir=dino/checkpoints/small_finetune
2026-06-10 16:57:44  Epoch 1/1000  avg_loss=6.67320917e+07  lr=1.00e-04
2026-06-10 16:58:11  Epoch 2/1000  avg_loss=6.34173164e+07  lr=1.00e-04
2026-06-10 16:58:38  Epoch 3/1000  avg_loss=6.24252927e+07  lr=1.00e-04
2026-06-10 16:59:05  Epoch 4/1000  avg_loss=6.16768753e+07  lr=1.00e-04
2026-06-10 16:59:32  Epoch 5/1000  avg_loss=6.11648331e+07  lr=1.00e-04
2026-06-10 17:00:00  Epoch 6/1000  avg_loss=6.07283966e+07  lr=1.00e-04
2026-06-10 17:00:27  Epoch 7/1000  avg_loss=6.03629346e+07  lr=1.00e-04
2026-06-10 17:00:55  Epoch 8/1000  avg_loss=5.99746671e+07  lr=1.00e-04
2026-06-10 17:01:22  Epoch 9/1000  avg_loss=5.96745764e+07  lr=1.00e-04
2026-06-10 17:01:50  Epoch 10/1000  avg_loss=5.94383728e+07  lr=1.00e-04
2026-06-10 17:01:50    → saved: dino/checkpoints/small_finetune/model_10.pth
2026-06-10 17:02:17  Epoch 11/1000  avg_loss=5.91975851e+07  lr=1.00e-04
2026-06-10 17:02:45  Epoch 12/1000  avg_loss=5.89038699e+07  lr=1.00e-04
2026-06-10 17:03:13  Epoch 13/1000  avg_loss=5.86784236e+07  lr=1.00e-04
2026-06-10 17:03:40  Epoch 14/1000  avg_loss=5.81025006e+07  lr=1.00e-04
2026-06-10 17:04:08  Epoch 15/1000  avg_loss=5.79021393e+07  lr=1.00e-04
2026-06-10 17:04:36  Epoch 16/1000  avg_loss=5.78241128e+07  lr=1.00e-04
2026-06-10 17:05:04  Epoch 17/1000  avg_loss=5.73757994e+07  lr=1.00e-04
2026-06-10 17:05:31  Epoch 18/1000  avg_loss=5.70400905e+07  lr=1.00e-04
2026-06-10 17:05:59  Epoch 19/1000  avg_loss=5.70062511e+07  lr=1.00e-04
2026-06-10 17:06:27  Epoch 20/1000  avg_loss=5.66910066e+07  lr=1.00e-04
2026-06-10 17:06:27    → saved: dino/checkpoints/small_finetune/model_20.pth
2026-06-10 17:06:54  Epoch 21/1000  avg_loss=5.64132235e+07  lr=1.00e-04
2026-06-10 17:07:22  Epoch 22/1000  avg_loss=5.63171692e+07  lr=1.00e-04
2026-06-10 17:07:50  Epoch 23/1000  avg_loss=5.61532716e+07  lr=1.00e-04
2026-06-10 17:08:17  Epoch 24/1000  avg_loss=5.59501639e+07  lr=1.00e-04
2026-06-10 17:08:45  Epoch 25/1000  avg_loss=5.57018344e+07  lr=1.00e-04
2026-06-10 17:09:13  Epoch 26/1000  avg_loss=5.54601199e+07  lr=1.00e-04
2026-06-10 17:09:41  Epoch 27/1000  avg_loss=5.49798552e+07  lr=1.00e-04
2026-06-10 17:10:09  Epoch 28/1000  avg_loss=5.46601065e+07  lr=1.00e-04
2026-06-10 17:10:36  Epoch 29/1000  avg_loss=5.46508736e+07  lr=1.00e-04
2026-06-10 17:11:04  Epoch 30/1000  avg_loss=5.44884963e+07  lr=1.00e-04
2026-06-10 17:11:04    → saved: dino/checkpoints/small_finetune/model_30.pth
2026-06-10 17:11:31  Epoch 31/1000  avg_loss=5.48276075e+07  lr=1.00e-04
2026-06-10 17:11:59  Epoch 32/1000  avg_loss=5.45197049e+07  lr=1.00e-04
2026-06-10 17:12:26  Epoch 33/1000  avg_loss=5.42601182e+07  lr=1.00e-04
2026-06-10 17:12:54  Epoch 34/1000  avg_loss=5.40833939e+07  lr=1.00e-04
2026-06-10 17:13:22  Epoch 35/1000  avg_loss=5.38039715e+07  lr=1.00e-04
2026-06-10 17:13:49  Epoch 36/1000  avg_loss=5.37883595e+07  lr=1.00e-04
2026-06-10 17:14:17  Epoch 37/1000  avg_loss=5.35180674e+07  lr=1.00e-04
2026-06-10 17:14:44  Epoch 38/1000  avg_loss=5.32180155e+07  lr=1.00e-04
2026-06-10 17:15:12  Epoch 39/1000  avg_loss=5.34412953e+07  lr=1.00e-04
2026-06-10 17:15:40  Epoch 40/1000  avg_loss=5.29307265e+07  lr=1.00e-04
2026-06-10 17:15:40    → saved: dino/checkpoints/small_finetune/model_40.pth
2026-06-10 17:16:07  Epoch 41/1000  avg_loss=5.32740143e+07  lr=1.00e-04
2026-06-10 17:16:35  Epoch 42/1000  avg_loss=5.32033536e+07  lr=1.00e-04
2026-06-10 17:17:03  Epoch 43/1000  avg_loss=5.27772902e+07  lr=1.00e-04
2026-06-10 17:17:30  Epoch 44/1000  avg_loss=5.29156851e+07  lr=1.00e-04
2026-06-10 17:17:58  Epoch 45/1000  avg_loss=5.25464581e+07  lr=1.00e-04
2026-06-10 17:18:25  Epoch 46/1000  avg_loss=5.25103847e+07  lr=1.00e-04
2026-06-10 17:18:53  Epoch 47/1000  avg_loss=5.25008711e+07  lr=1.00e-04
2026-06-10 17:19:20  Epoch 48/1000  avg_loss=5.26322315e+07  lr=1.00e-04
2026-06-10 17:19:48  Epoch 49/1000  avg_loss=5.20684813e+07  lr=1.00e-04
2026-06-10 17:20:15  Epoch 50/1000  avg_loss=5.19137866e+07  lr=1.00e-04
2026-06-10 17:20:16    → saved: dino/checkpoints/small_finetune/model_50.pth
2026-06-10 17:20:43  Epoch 51/1000  avg_loss=5.23937391e+07  lr=1.00e-04
2026-06-10 17:21:11  Epoch 52/1000  avg_loss=5.16420714e+07  lr=1.00e-04
2026-06-10 17:21:38  Epoch 53/1000  avg_loss=5.16090151e+07  lr=1.00e-04
2026-06-10 17:22:06  Epoch 54/1000  avg_loss=5.16375883e+07  lr=1.00e-04
2026-06-10 17:22:34  Epoch 55/1000  avg_loss=5.22605062e+07  lr=1.00e-04
2026-06-10 17:23:01  Epoch 56/1000  avg_loss=5.12640082e+07  lr=1.00e-04
2026-06-10 17:23:29  Epoch 57/1000  avg_loss=5.14548695e+07  lr=1.00e-04
2026-06-10 17:23:57  Epoch 58/1000  avg_loss=5.15317902e+07  lr=1.00e-04
2026-06-10 17:24:24  Epoch 59/1000  avg_loss=5.15326148e+07  lr=1.00e-04
2026-06-10 17:24:52  Epoch 60/1000  avg_loss=5.08942441e+07  lr=1.00e-04
2026-06-10 17:24:52    → saved: dino/checkpoints/small_finetune/model_60.pth
2026-06-10 17:25:20  Epoch 61/1000  avg_loss=5.13609805e+07  lr=1.00e-04
2026-06-10 17:25:47  Epoch 62/1000  avg_loss=5.12207259e+07  lr=1.00e-04
2026-06-10 17:26:15  Epoch 63/1000  avg_loss=5.04694012e+07  lr=1.00e-04
2026-06-10 17:26:42  Epoch 64/1000  avg_loss=5.08722011e+07  lr=1.00e-04
2026-06-10 17:27:10  Epoch 65/1000  avg_loss=5.10241960e+07  lr=1.00e-04
2026-06-10 17:27:38  Epoch 66/1000  avg_loss=5.09165641e+07  lr=1.00e-04
2026-06-10 17:28:05  Epoch 67/1000  avg_loss=5.09716161e+07  lr=1.00e-04
2026-06-10 17:28:33  Epoch 68/1000  avg_loss=5.06144990e+07  lr=1.00e-04
2026-06-10 17:29:01  Epoch 69/1000  avg_loss=5.12675460e+07  lr=1.00e-04
2026-06-10 17:29:28  Epoch 70/1000  avg_loss=5.01922978e+07  lr=1.00e-04
2026-06-10 17:29:28    → saved: dino/checkpoints/small_finetune/model_70.pth
2026-06-10 17:29:56  Epoch 71/1000  avg_loss=5.02459793e+07  lr=1.00e-04
2026-06-10 17:30:23  Epoch 72/1000  avg_loss=5.08408661e+07  lr=1.00e-04
2026-06-10 17:30:51  Epoch 73/1000  avg_loss=5.01326705e+07  lr=1.00e-04
2026-06-10 17:31:19  Epoch 74/1000  avg_loss=4.99254741e+07  lr=1.00e-04
2026-06-10 17:31:46  Epoch 75/1000  avg_loss=5.03027810e+07  lr=1.00e-04
2026-06-10 17:32:14  Epoch 76/1000  avg_loss=4.98860177e+07  lr=1.00e-04
2026-06-10 17:32:41  Epoch 77/1000  avg_loss=5.00618986e+07  lr=1.00e-04
2026-06-10 17:33:09  Epoch 78/1000  avg_loss=5.01800233e+07  lr=1.00e-04
2026-06-10 17:33:36  Epoch 79/1000  avg_loss=4.97661884e+07  lr=1.00e-04
2026-06-10 17:34:04  Epoch 80/1000  avg_loss=4.96536207e+07  lr=1.00e-04
2026-06-10 17:34:04    → saved: dino/checkpoints/small_finetune/model_80.pth
2026-06-10 17:34:32  Epoch 81/1000  avg_loss=4.99706714e+07  lr=1.00e-04
2026-06-10 17:34:59  Epoch 82/1000  avg_loss=4.94955083e+07  lr=1.00e-04
2026-06-10 17:35:27  Epoch 83/1000  avg_loss=4.92978165e+07  lr=1.00e-04
2026-06-10 17:35:55  Epoch 84/1000  avg_loss=5.06638709e+07  lr=1.00e-04
2026-06-10 17:36:22  Epoch 85/1000  avg_loss=4.91144460e+07  lr=1.00e-04
2026-06-10 17:36:50  Epoch 86/1000  avg_loss=4.96397231e+07  lr=1.00e-04
2026-06-10 17:37:18  Epoch 87/1000  avg_loss=4.96075624e+07  lr=1.00e-04
2026-06-10 17:37:45  Epoch 88/1000  avg_loss=4.92183491e+07  lr=1.00e-04
2026-06-10 17:38:12  Epoch 89/1000  avg_loss=4.88634606e+07  lr=1.00e-04
2026-06-10 17:38:40  Epoch 90/1000  avg_loss=4.97027414e+07  lr=1.00e-04
2026-06-10 17:38:40    → saved: dino/checkpoints/small_finetune/model_90.pth
2026-06-10 17:39:08  Epoch 91/1000  avg_loss=4.88916529e+07  lr=1.00e-04
2026-06-10 17:39:35  Epoch 92/1000  avg_loss=4.90617782e+07  lr=1.00e-04
2026-06-10 17:40:03  Epoch 93/1000  avg_loss=4.90286251e+07  lr=1.00e-04
2026-06-10 17:40:31  Epoch 94/1000  avg_loss=4.84782198e+07  lr=1.00e-04
2026-06-10 17:40:58  Epoch 95/1000  avg_loss=4.92341805e+07  lr=1.00e-04
2026-06-10 17:41:25  Epoch 96/1000  avg_loss=4.84225730e+07  lr=1.00e-04
2026-06-10 17:41:53  Epoch 97/1000  avg_loss=4.82779665e+07  lr=1.00e-04
2026-06-10 17:42:20  Epoch 98/1000  avg_loss=4.84206868e+07  lr=1.00e-04
2026-06-10 17:42:48  Epoch 99/1000  avg_loss=4.84907758e+07  lr=1.00e-04
2026-06-10 17:43:16  Epoch 100/1000  avg_loss=4.90276845e+07  lr=1.00e-04
2026-06-10 17:43:16    → saved: dino/checkpoints/small_finetune/model_100.pth
2026-06-10 17:43:16  Epoch 101: 解冻 backbone，开始全网络微调
2026-06-10 17:45:05  Epoch 101/1000  avg_loss=5.00190033e+07  lr=1.00e-05
2026-06-10 17:46:54  Epoch 102/1000  avg_loss=4.25458616e+07  lr=1.00e-05
2026-06-10 17:48:43  Epoch 103/1000  avg_loss=3.83822461e+07  lr=1.00e-05
2026-06-10 17:50:31  Epoch 104/1000  avg_loss=3.27733087e+07  lr=1.00e-05
2026-06-10 17:52:21  Epoch 105/1000  avg_loss=2.71837853e+07  lr=1.00e-05
2026-06-10 17:54:10  Epoch 106/1000  avg_loss=2.06274396e+07  lr=1.00e-05
2026-06-10 17:55:59  Epoch 107/1000  avg_loss=1.62512894e+07  lr=1.00e-05
2026-06-10 17:57:48  Epoch 108/1000  avg_loss=1.32384469e+07  lr=1.00e-05
2026-06-10 17:59:37  Epoch 109/1000  avg_loss=1.04671656e+07  lr=1.00e-05
2026-06-10 18:01:26  Epoch 110/1000  avg_loss=7.41683294e+06  lr=1.00e-05
2026-06-10 18:01:26    → saved: dino/checkpoints/small_finetune/model_110.pth
2026-06-10 18:03:15  Epoch 111/1000  avg_loss=6.15319580e+06  lr=1.00e-05
2026-06-10 18:05:04  Epoch 112/1000  avg_loss=4.84231126e+06  lr=1.00e-05
2026-06-10 18:06:54  Epoch 113/1000  avg_loss=3.96951422e+06  lr=1.00e-05
2026-06-10 18:08:43  Epoch 114/1000  avg_loss=3.25169629e+06  lr=1.00e-05
2026-06-10 18:10:32  Epoch 115/1000  avg_loss=2.69004806e+06  lr=1.00e-05
2026-06-10 18:12:21  Epoch 116/1000  avg_loss=3.07539224e+06  lr=1.00e-05
2026-06-10 18:14:10  Epoch 117/1000  avg_loss=2.07735272e+06  lr=1.00e-05
